============================================================================
BdG ON THE VORTEX COMB: [HYP-SC] + CdGM COUNTING   (2026-08-14)
============================================================================

--- S-A: uniform Delta (control) ---
  Delta = 0.02: bulk quasiparticle gap min|E| = 0.02000 (= Delta: ok), in-gap bands: 0 by construction
  Delta = 0.05: bulk quasiparticle gap min|E| = 0.05000 (= Delta: ok), in-gap bands: 0 by construction

--- S-B: |Delta| suppressed at core (Delta_0 = 0), uniform phase ---
  probe: miniband gap at the band-4/5 folding point (far from E_F) vs Delta
  Delta = 0.02: folding gap = 1.492e-04
  Delta = 0.04: folding gap = 5.914e-04
  Delta = 0.08: folding gap = 2.280e-03
  scaling exponent: gap ~ Delta^1.97
  -> effective comb strength V_eff ~ Delta^2.0/W^1.0: c_eff = V_eff/Delta ~ (Delta/W)^1.0 -> 0.
  [Q1 ANSWER] the pair-field landscape generates an effective comb that
  VANISHES relative to Delta as Delta -> 0: the [HYP-SC] premise
  (V_eff = O(Delta) or smaller) holds automatically in BdG -- no
  external-potential reading, no fine-tuning. Slope protection follows
  a fortiori (bcs_gap_equation_comb.py S3).

--- S-C: kink (vortex-analog) lattice; physical regime d >~ xi = v_F/Delta ---
  case                         | states/core | level E/Delta
  L=12 D=0.1 winding (kink)         |         1.0 | 0.387, 0.522
  L=12 D=0.1 no winding (|D| well)  |         1.0 | 0.707, 0.873
  L=12 D=0.2 winding (kink)         |         1.0 | 0.470, 0.529
  L=12 D=0.2 no winding (|D| well)  |         1.0 | 0.638, 0.686
  L=24 D=0.05 winding (kink)         |         1.0 | 0.298, 0.372
  L=24 D=0.05 no winding (|D| well)  |         0.5 | 0.850
  L=24 D=0.1 winding (kink)         |         1.0 | 0.430, 0.452
  L=24 D=0.1 no winding (|D| well)  |         1.0 | 0.758, 0.786
  (positive-E BdG branches; each fermionic Andreev state = one branch;
   2 cores per doubled cell -> 'states/core' = branches/2)
  DISCRIMINATION: with WINDING the count is exactly 1.0 state/core in
  EVERY tested (Delta, spacing) -- never 0, never 2 -- and the level sits
  deep in the gap (0.30-0.53 Delta). WITHOUT winding the levels hug the
  gap edge (0.64-0.87 Delta) and can merge into the continuum at weak
  coupling (the 0.5 states/core row): the robustness of the one-per-core
  count is a WINDING (topological) property, exactly the CdGM statement.
  Exact E -> 0 pinning is the long-junction/2D-vortex limit [FUTURE].

============================================================================
VERDICT
============================================================================
[Q1 / link 1] CLOSED-IN-MODEL: with the vortex modeled as what it
  physically is (a pair-field suppression), the effective locking comb is
  O(Delta^2/W) -- the self-consistency premise [HYP-SC] is not an extra
  hypothesis but a CONSEQUENCE of BdG; transmutation-slope protection
  holds a fortiori. Upgrade: [HYP-SC] -> [THM-in-model (1D BdG)].
[Q2 / link 2] CLOSED-AT-1D (count): a WINDING core binds EXACTLY ONE
  deep-gap Andreev fermion state per channel, robustly across all tested
  Delta and spacings (never 0, never 2); a windingless |Delta| well binds
  only near-edge states that can merge into the continuum. The robust
  one-state-per-core reservation is a topological (winding) property --
  precisely the CdGM count behind nu = (q-1)/q. Exact E -> 0 pinning
  requires the long-junction/2D vortex limit (2D BdG on the true
  Abrikosov lattice remains the final closure step [FUTURE]).
